mysql> CREATE DATABASE maizi1;
Query OK, 1 row affected (0.00 sec)

mysql> show databases;
+--------------------+
| Database           |
+--------------------+
| information_schema |
| Jzopen_o9          |
| Jzopen_po          |
| Jzopen_t1          |
| Jzopen_y1          |
| Jzopen_y2          |
| Jzopen_ye          |
| csvt               |
| hsc                |
| jzopen_test        |
| jzopen_v1          |
| jzopen_v2          |
| maizi1             |
| mysql              |
| ocmf_v1            |
| ocr_v2             |
| opencmf_corethinkv |
| performance_schema |
| phpmyadmin         |
| sys                |
| test               |
+--------------------+
21 rows in set (0.01 sec)

mysql> DROP DATABASE Jzopen_O9;
Query OK, 8 rows affected (0.04 sec)

mysql> DROP DATABASE Jzopen_PO;
Query OK, 8 rows affected (0.04 sec)

mysql> DROP DATABASE Jzopen_t1;
Query OK, 9 rows affected (0.04 sec)

mysql> DROP DATABASE Jzopen_y1;
Query OK, 8 rows affected (0.04 sec)

mysql> DROP DATABASE Jzopen_y2;
Query OK, 8 rows affected (0.04 sec)

mysql> DROP DATABASE Jzopen_ye;
Query OK, 8 rows affected (0.05 sec)

mysql> show databases;
+--------------------+
| Database           |
+--------------------+
| information_schema |
| csvt               |
| hsc                |
| jzopen_test        |
| jzopen_v1          |
| jzopen_v2          |
| maizi1             |
| mysql              |
| ocmf_v1            |
| ocr_v2             |
| opencmf_corethinkv |
| performance_schema |
| phpmyadmin         |
| sys                |
| test               |
+--------------------+
15 rows in set (0.01 sec)

mysql> CREATE DATABASE maizi1;
ERROR 1007 (HY000): Can't create database 'maizi1'; database exists
mysql> SHOW WARNING;
ERROR 1064 (42000): You have an error in your SQL syntax; check the manual that corresponds to your MySQL server version for the right syntax to use near 'WARNING' at line 1
mysql> SHOW WARNINGS;
+-------+------+-----------------------------------------------------------------------------------------------------------------------------------------------------------+
| Level | Code | Message                                                                                                                                                   |
+-------+------+-----------------------------------------------------------------------------------------------------------------------------------------------------------+
| Error | 1064 | You have an error in your SQL syntax; check the manual that corresponds to your MySQL server version for the right syntax to use near 'WARNING' at line 1 |
+-------+------+-----------------------------------------------------------------------------------------------------------------------------------------------------------+
1 row in set (0.00 sec)

mysql> SHOW SCHEMAS;
+--------------------+
| Database           |
+--------------------+
| information_schema |
| csvt               |
| hsc                |
| jzopen_test        |
| jzopen_v1          |
| jzopen_v2          |
| maizi1             |
| mysql              |
| ocmf_v1            |
| ocr_v2             |
| opencmf_corethinkv |
| performance_schema |
| phpmyadmin         |
| sys                |
| test               |
+--------------------+
15 rows in set (0.00 sec)

mysql>
mysql> CREATE DATABASE IF NOT EXISTS maizi3 DEFAULT CHARACTER SET = 'gbk';
Query OK, 1 row affected (0.00 sec)

mysql> SHOW CREATE DATABASE maizi3;
+----------+----------------------------------------------------------------+
| Database | Create Database                                                |
+----------+----------------------------------------------------------------+
| maizi3   | CREATE DATABASE `maizi3` /*!40100 DEFAULT CHARACTER SET gbk */ |
+----------+----------------------------------------------------------------+
1 row in set (0.00 sec)

mysql> ALERT DATABASE maizi3 CHARACTER SET = 'UTF-8';
ERROR 1064 (42000): You have an error in your SQL syntax; check the manual that corresponds to your MySQL server version for the right syntax to use near 'ALERT DATABASE maizi3 CHARACTER SET = 'UTF-8'' at line 1
mysql> ALERT DATABASE maizi3 CHARACTER SET = 'utf8';
ERROR 1064 (42000): You have an error in your SQL syntax; check the manual that corresponds to your MySQL server version for the right syntax to use near 'ALERT DATABASE maizi3 CHARACTER SET = 'utf8'' at line 1
mysql> ALERT DATABASE maizi3 DEFAULT CHARACTER SET = 'utf8';
ERROR 1064 (42000): You have an error in your SQL syntax; check the manual that corresponds to your MySQL server version for the right syntax to use near 'ALERT DATABASE maizi3 DEFAULT CHARACTER SET = 'utf8'' at line 1
mysql> ALERT DATABASE maizi3 DEFAULT CHARACTER SET = 'utf8';
ERROR 1064 (42000): You have an error in your SQL syntax; check the manual that corresponds to your MySQL server version for the right syntax to use near 'ALERT DATABASE maizi3 DEFAULT CHARACTER SET = 'utf8'' at line 1
mysql> ALERT DATABASE maizi3 DEFAULT CHARACTER SET = 'GB2312';
ERROR 1064 (42000): You have an error in your SQL syntax; check the manual that corresponds to your MySQL server version for the right syntax to use near 'ALERT DATABASE maizi3 DEFAULT CHARACTER SET = 'GB2312'' at line 1
mysql> ALERT DATABASE maizi3 DEFAULT CHARACTER SET = 'GB2312';
ERROR 1064 (42000): You have an error in your SQL syntax; check the manual that corresponds to your MySQL server version for the right syntax to use near 'ALERT DATABASE maizi3 DEFAULT CHARACTER SET = 'GB2312'' at line 1
mysql> USE maizi3;
Database changed
mysql> ALERT DATABASE maizi3 DEFAULT CHARACTER SET = 'utf8';
ERROR 1064 (42000): You have an error in your SQL syntax; check the manual that corresponds to your MySQL server version for the right syntax to use near 'ALERT DATABASE maizi3 DEFAULT CHARACTER SET = 'utf8'' at line 1
mysql> SELECT DATABASE;
ERROR 1064 (42000): You have an error in your SQL syntax; check the manual that corresponds to your MySQL server version for the right syntax to use near '' at line 1
mysql> SELECT DATABASE();
+------------+
| DATABASE() |
+------------+
| maizi3     |
+------------+
1 row in set (0.00 sec)

mysql> ALTER DATABASE maizi3 DEFAULT CHARACTER SET =utf8;
Query OK, 1 row affected (0.00 sec)

mysql> SHOW CREATE DATABASE maizi3;
+----------+-----------------------------------------------------------------+
| Database | Create Database                                                 |
+----------+-----------------------------------------------------------------+
| maizi3   | CREATE DATABASE `maizi3` /*!40100 DEFAULT CHARACTER SET utf8 */ |
+----------+-----------------------------------------------------------------+
1 row in set (0.00 sec)

mysql> CREATE DATABASE maizi4;
Query OK, 1 row affected (0.00 sec)

mysql> DROP DATABASE IF EXITS maizi4;
ERROR 1064 (42000): You have an error in your SQL syntax; check the manual that corresponds to your MySQL server version for the right syntax to use near 'EXITS maizi4' at line 1
mysql> DROP DATABASE IF EXISTS maizi4;
Query OK, 0 rows affected (0.00 sec)

mysql> SHOW WARINGS();
ERROR 1064 (42000): You have an error in your SQL syntax; check the manual that corresponds to your MySQL server version for the right syntax to use near 'WARINGS()' at line 1
mysql> SHOW WARINGS;
ERROR 1064 (42000): You have an error in your SQL syntax; check the manual that corresponds to your MySQL server version for the right syntax to use near 'WARINGS' at line 1
mysql> SHOW WARINGS();
ERROR 1064 (42000): You have an error in your SQL syntax; check the manual that corresponds to your MySQL server version for the right syntax to use near 'WARINGS()' at line 1
mysql> SHOW WARNINGS;
+-------+------+-------------------------------------------------------------------------------------------------------------------------------------------------------------+
| Level | Code | Message                                                                                                                                                     |
+-------+------+-------------------------------------------------------------------------------------------------------------------------------------------------------------+
| Error | 1064 | You have an error in your SQL syntax; check the manual that corresponds to your MySQL server version for the right syntax to use near 'WARINGS()' at line 1 |
+-------+------+-------------------------------------------------------------------------------------------------------------------------------------------------------------+
1 row in set (0.00 sec)

mysql> help tinyint
Name: 'TINYINT'
Description:
TINYINT[(M)] [UNSIGNED] [ZEROFILL]

A very small integer. The signed range is -128 to 127. The unsigned
range is 0 to 255.

URL: http://dev.mysql.com/doc/refman/5.7/en/numeric-type-overview.html


mysql> help CREATE DATABASE
Name: 'CREATE DATABASE'
Description:
Syntax:
CREATE {DATABASE | SCHEMA} [IF NOT EXISTS] db_name
    [create_specification] ...

create_specification:
    [DEFAULT] CHARACTER SET [=] charset_name
  | [DEFAULT] COLLATE [=] collation_name

CREATE DATABASE creates a database with the given name. To use this
statement, you need the CREATE privilege for the database. CREATE
SCHEMA is a synonym for CREATE DATABASE.

URL: http://dev.mysql.com/doc/refman/5.7/en/create-database.html


mysql> \h int
Name: 'INT'
Description:
INT[(M)] [UNSIGNED] [ZEROFILL]

A normal-size integer. The signed range is -2147483648 to 2147483647.
The unsigned range is 0 to 4294967295.

URL: http://dev.mysql.com/doc/refman/5.7/en/numeric-type-overview.html


mysql> \h float
Name: 'FLOAT'
Description:
FLOAT[(M,D)] [UNSIGNED] [ZEROFILL]

A small (single-precision) floating-point number. Permissible values
are -3.402823466E+38 to -1.175494351E-38, 0, and 1.175494351E-38 to
3.402823466E+38. These are the theoretical limits, based on the IEEE
standard. The actual range might be slightly smaller depending on your
hardware or operating system.

M is the total number of digits and D is the number of digits following
the decimal point. If M and D are omitted, values are stored to the
limits permitted by the hardware. A single-precision floating-point
number is accurate to approximately 7 decimal places.

UNSIGNED, if specified, disallows negative values.

Using FLOAT might give you some unexpected problems because all
calculations in MySQL are done with double precision. See
http://dev.mysql.com/doc/refman/5.7/en/no-matching-rows.html.

URL: http://dev.mysql.com/doc/refman/5.7/en/numeric-type-overview.html


mysql> SHOW ENGINS;
ERROR 1064 (42000): You have an error in your SQL syntax; check the manual that corresponds to your MySQL server version for the right syntax to use near 'ENGINS' at line 1
mysql> SHOW ENGINS();
ERROR 1064 (42000): You have an error in your SQL syntax; check the manual that corresponds to your MySQL server version for the right syntax to use near 'ENGINS()' at line 1
mysql> SHOW ENGINES();
ERROR 1064 (42000): You have an error in your SQL syntax; check the manual that corresponds to your MySQL server version for the right syntax to use near '()' at line 1
mysql> SHOW ENGINES;
+--------------------+---------+----------------------------------------------------------------+--------------+------+------------+
| Engine             | Support | Comment                                                        | Transactions | XA   | Savepoints |
+--------------------+---------+----------------------------------------------------------------+--------------+------+------------+
| InnoDB             | DEFAULT | Supports transactions, row-level locking, and foreign keys     | YES          | YES  | YES        |
| MRG_MYISAM         | YES     | Collection of identical MyISAM tables                          | NO           | NO   | NO         |
| MEMORY             | YES     | Hash based, stored in memory, useful for temporary tables      | NO           | NO   | NO         |
| BLACKHOLE          | YES     | /dev/null storage engine (anything you write to it disappears) | NO           | NO   | NO         |
| MyISAM             | YES     | MyISAM storage engine                                          | NO           | NO   | NO         |
| CSV                | YES     | CSV storage engine                                             | NO           | NO   | NO         |
| ARCHIVE            | YES     | Archive storage engine                                         | NO           | NO   | NO         |
| PERFORMANCE_SCHEMA | YES     | Performance Schema                                             | NO           | NO   | NO         |
| FEDERATED          | NO      | Federated MySQL storage engine                                 | NULL         | NULL | NULL       |
+--------------------+---------+----------------------------------------------------------------+--------------+------+------------+
9 rows in set (0.00 sec)

mysql> SHOW ENGINES\G;
*************************** 1. row ***************************
      Engine: InnoDB
     Support: DEFAULT
     Comment: Supports transactions, row-level locking, and foreign keys
Transactions: YES
          XA: YES
  Savepoints: YES
*************************** 2. row ***************************
      Engine: MRG_MYISAM
     Support: YES
     Comment: Collection of identical MyISAM tables
Transactions: NO
          XA: NO
  Savepoints: NO
*************************** 3. row ***************************
      Engine: MEMORY
     Support: YES
     Comment: Hash based, stored in memory, useful for temporary tables
Transactions: NO
          XA: NO
  Savepoints: NO
*************************** 4. row ***************************
      Engine: BLACKHOLE
     Support: YES
     Comment: /dev/null storage engine (anything you write to it disappears)
Transactions: NO
          XA: NO
  Savepoints: NO
*************************** 5. row ***************************
      Engine: MyISAM
     Support: YES
     Comment: MyISAM storage engine
Transactions: NO
          XA: NO
  Savepoints: NO
*************************** 6. row ***************************
      Engine: CSV
     Support: YES
     Comment: CSV storage engine
Transactions: NO
          XA: NO
  Savepoints: NO
*************************** 7. row ***************************
      Engine: ARCHIVE
     Support: YES
     Comment: Archive storage engine
Transactions: NO
          XA: NO
  Savepoints: NO
*************************** 8. row ***************************
      Engine: PERFORMANCE_SCHEMA
     Support: YES
     Comment: Performance Schema
Transactions: NO
          XA: NO
  Savepoints: NO
*************************** 9. row ***************************
      Engine: FEDERATED
     Support: NO
     Comment: Federated MySQL storage engine
Transactions: NULL
          XA: NULL
  Savepoints: NULL
9 rows in set (0.00 sec)

ERROR:
No query specified

mysql> SHOW VARIABLES LIKE 'have%';
+------------------------+----------+
| Variable_name          | Value    |
+------------------------+----------+
| have_compress          | YES      |
| have_crypt             | YES      |
| have_dynamic_loading   | YES      |
| have_geometry          | YES      |
| have_openssl           | DISABLED |
| have_profiling         | YES      |
| have_query_cache       | YES      |
| have_rtree_keys        | YES      |
| have_ssl               | DISABLED |
| have_statement_timeout | YES      |
| have_symlink           | YES      |
+------------------------+----------+
11 rows in set (0.01 sec)

mysql> SHOW VARIABLES LIKE 'storage-engine%';
Empty set (0.00 sec)

mysql> SHOW VARIABLES LIKE 'storage_engine%';
Empty set (0.01 sec)

mysql> SHOW VARIABLES LIKE 'storage_engine%';
Empty set (0.00 sec)

mysql> SELECT DATABASE();
+------------+
| DATABASE() |
+------------+
| maizi3     |
+------------+
1 row in set (0.00 sec)

mysql> USE maizi1;
Database changed
mysql> SELECT DATABASE();
+------------+
| DATABASE() |
+------------+
| maizi1     |
+------------+
1 row in set (0.00 sec)

mysql> CREATE TABLE IF NOT EXISTS cms_cate(
    ->  id TINYINT,
    ->  cateName VARCHAR(50),
    ->  cate_Desc VARCHAR(200)
    -> )ENGINE= MyISAM CHARSET=UTF8;
Query OK, 0 rows affected (0.02 sec)

mysql> SHOW TABLES;
+------------------+
| Tables_in_maizi1 |
+------------------+
| cms_cate         |
+------------------+
1 row in set (0.00 sec)

mysql> DESC cms_cate;
+-----------+--------------+------+-----+---------+-------+
| Field     | Type         | Null | Key | Default | Extra |
+-----------+--------------+------+-----+---------+-------+
| id        | tinyint(4)   | YES  |     | NULL    |       |
| cateName  | varchar(50)  | YES  |     | NULL    |       |
| cate_Desc | varchar(200) | YES  |     | NULL    |       |
+-----------+--------------+------+-----+---------+-------+
3 rows in set (0.00 sec)

mysql> CREATE TABLE IF NOT EXISTS cms_news(
    -> id INT,
    -> title, VARCHAR(50),
    -> content TEXT,
    -> pubtime INT,
    -> clickNum INT,
    -> isTop TINYINT(1) COMMENT '0代表不置顶,1代表置顶'
    -> );\c
ERROR 1064 (42000): You have an error in your SQL syntax; check the manual that corresponds to your MySQL server version for the right syntax to use near ' VARCHAR(50),
content TEXT,
pubtime INT,
clickNum INT,
isTop TINYINT(1) COMMENT ' at line 3
mysql> CREATE TABLE IF NOT EXISTS cms_news(
    -> id INT,
    -> title VARCHAR(50),
    -> content TEXT,
    -> pubtime INT,
    -> clickNum INT,
    -> isTop TINYINT(1) COMMENT '0代表不置顶,1代表置顶'
    -> );
Query OK, 0 rows affected (0.01 sec)

mysql> SHOW TABLES;
+------------------+
| Tables_in_maizi1 |
+------------------+
| cms_cate         |
| cms_news         |
+------------------+
2 rows in set (0.00 sec)

mysql> SHOW COLUMNS FROM cms_news;
+----------+-------------+------+-----+---------+-------+
| Field    | Type        | Null | Key | Default | Extra |
+----------+-------------+------+-----+---------+-------+
| id       | int(11)     | YES  |     | NULL    |       |
| title    | varchar(50) | YES  |     | NULL    |       |
| content  | text        | YES  |     | NULL    |       |
| pubtime  | int(11)     | YES  |     | NULL    |       |
| clickNum | int(11)     | YES  |     | NULL    |       |
| isTop    | tinyint(1)  | YES  |     | NULL    |       |
+----------+-------------+------+-----+---------+-------+
6 rows in set (0.00 sec)

mysql> DESC cate_news;
ERROR 1146 (42S02): Table 'maizi1.cate_news' doesn't exist
mysql> DESC cms_news;
+----------+-------------+------+-----+---------+-------+
| Field    | Type        | Null | Key | Default | Extra |
+----------+-------------+------+-----+---------+-------+
| id       | int(11)     | YES  |     | NULL    |       |
| title    | varchar(50) | YES  |     | NULL    |       |
| content  | text        | YES  |     | NULL    |       |
| pubtime  | int(11)     | YES  |     | NULL    |       |
| clickNum | int(11)     | YES  |     | NULL    |       |
| isTop    | tinyint(1)  | YES  |     | NULL    |       |
+----------+-------------+------+-----+---------+-------+
6 rows in set (0.00 sec)

mysql> CREATE TABLE intest(
    -> num1 TINYINT,
    -> num2 SMALLINT,
    -> num3 MEDIUMINT,
    -> num4 INT,
    -> num5 BIGINT
    -> );
Query OK, 0 rows affected (0.01 sec)

mysql> INSERT intest VALUES(-128,-32768,-214,-9223);
ERROR 1136 (21S01): Column count doesn't match value count at row 1
mysql> SHOW COLUMNS FROM cms_news;
+----------+-------------+------+-----+---------+-------+
| Field    | Type        | Null | Key | Default | Extra |
+----------+-------------+------+-----+---------+-------+
| id       | int(11)     | YES  |     | NULL    |       |
| title    | varchar(50) | YES  |     | NULL    |       |
| content  | text        | YES  |     | NULL    |       |
| pubtime  | int(11)     | YES  |     | NULL    |       |
| clickNum | int(11)     | YES  |     | NULL    |       |
| isTop    | tinyint(1)  | YES  |     | NULL    |       |
+----------+-------------+------+-----+---------+-------+
6 rows in set (0.00 sec)

mysql> SHOW TABLES;
+------------------+
| Tables_in_maizi1 |
+------------------+
| cms_cate         |
| cms_news         |
| intest           |
+------------------+
3 rows in set (0.00 sec)

mysql> INSERT intest VALUES(1,2,3,4,5);
Query OK, 1 row affected (0.00 sec)

mysql> SELECT * FROM intest;
+------+------+------+------+------+
| num1 | num2 | num3 | num4 | num5 |
+------+------+------+------+------+
|    1 |    2 |    3 |    4 |    5 |
+------+------+------+------+------+
1 row in set (0.00 sec)

mysql> ?int
    -> ;
ERROR 1064 (42000): You have an error in your SQL syntax; check the manual that corresponds to your MySQL server version for the right syntax to use near '?int' at line 1
mysql> ?INT;
ERROR 1064 (42000): You have an error in your SQL syntax; check the manual that corresponds to your MySQL server version for the right syntax to use near '?INT' at line 1
mysql> \?INT;

For information about MySQL products and services, visit:
   http://www.mysql.com/
For developer information, including the MySQL Reference Manual, visit:
   http://dev.mysql.com/
To buy MySQL Enterprise support, training, or other products, visit:
   https://shop.mysql.com/

List of all MySQL commands:
Note that all text commands must be first on line and end with ';'
?         (\?) Synonym for `help'.
clear     (\c) Clear the current input statement.
connect   (\r) Reconnect to the server. Optional arguments are db and host.
delimiter (\d) Set statement delimiter.
edit      (\e) Edit command with $EDITOR.
ego       (\G) Send command to mysql server, display result vertically.
exit      (\q) Exit mysql. Same as quit.
go        (\g) Send command to mysql server.
help      (\h) Display this help.
nopager   (\n) Disable pager, print to stdout.
notee     (\t) Don't write into outfile.
pager     (\P) Set PAGER [to_pager]. Print the query results via PAGER.
print     (\p) Print current command.
prompt    (\R) Change your mysql prompt.
quit      (\q) Quit mysql.
rehash    (\#) Rebuild completion hash.
source    (\.) Execute an SQL script file. Takes a file name as an argument.
status    (\s) Get status information from the server.
system    (\!) Execute a system shell command.
tee       (\T) Set outfile [to_outfile]. Append everything into given outfile.
use       (\u) Use another database. Takes database name as argument.
charset   (\C) Switch to another charset. Might be needed for processing binlog with multi-byte charsets.
warnings  (\W) Show warnings after every statement.
nowarning (\w) Don't show warnings after every statement.
resetconnection(\x) Clean session context.

For server side help, type 'help contents'

mysql> CREATE TABLE unsinged(
    -> num1 TINYINT UNSINGED,
    -> num2 TINYINT
    -> );
ERROR 1064 (42000): You have an error in your SQL syntax; check the manual that corresponds to your MySQL server version for the right syntax to use near 'UNSINGED,
num2 TINYINT
)' at line 2
mysql> CREATE TABLE unsingint(
    -> num1 TINYINT UNSINGED,
    -> num2 TINYINT
    -> );
ERROR 1064 (42000): You have an error in your SQL syntax; check the manual that corresponds to your MySQL server version for the right syntax to use near 'UNSINGED,
num2 TINYINT
)' at line 2
mysql> CREATE TABLE unsingint(
    -> num1 TINYINT UNSINGED,
    -> num2 TINYINT
    -> );
ERROR 1064 (42000): You have an error in your SQL syntax; check the manual that corresponds to your MySQL server version for the right syntax to use near 'UNSINGED,
num2 TINYINT
)' at line 2
mysql> CREATE TABLE unsingint(
    -> num1 TINYINT UNSINGED,
    -> num2 TINYINT
    -> );
ERROR 1064 (42000): You have an error in your SQL syntax; check the manual that corresponds to your MySQL server version for the right syntax to use near 'UNSINGED,
num2 TINYINT
)' at line 2
mysql> )SHOW TABLES;
ERROR 1064 (42000): You have an error in your SQL syntax; check the manual that corresponds to your MySQL server version for the right syntax to use near ')SHOW TABLES' at line 1
mysql> )SHOW TABLES;
ERROR 1064 (42000): You have an error in your SQL syntax; check the manual that corresponds to your MySQL server version for the right syntax to use near ')SHOW TABLES' at line 1
mysql> SHOW TABLES;
+------------------+
| Tables_in_maizi1 |
+------------------+
| cms_cate         |
| cms_news         |
| intest           |
+------------------+
3 rows in set (0.00 sec)

mysql> CREATE TABLE untest(
    -> num1 TINYINT UNSIGNED,
    -> num2 TINYINT
    -> );
Query OK, 0 rows affected (0.01 sec)

mysql> DESC untest;
+-------+---------------------+------+-----+---------+-------+
| Field | Type                | Null | Key | Default | Extra |
+-------+---------------------+------+-----+---------+-------+
| num1  | tinyint(3) unsigned | YES  |     | NULL    |       |
| num2  | tinyint(4)          | YES  |     | NULL    |       |
+-------+---------------------+------+-----+---------+-------+
2 rows in set (0.01 sec)

mysql> INSERT untest VALUES(0,-12);
Query OK, 1 row affected (0.01 sec)

mysql> SELECT * FROM untest;
+------+------+
| num1 | num2 |
+------+------+
|    0 |  -12 |
+------+------+
1 row in set (0.00 sec)

mysql> INSERT untest VALUES(-1,-12);
ERROR 1264 (22003): Out of range value for column 'num1' at row 1
mysql> CREATE TABLE intest1(
    -> num1 TINYINT(3) ZEROFILL,
    -> num2 SMALLINT ZEROFILL,
    -> num3 MEDIUMINT ZEROFILL,
    -> num4 INT ZEROFILL,
    -> num5 BIGINT ZEROFILL
    -> );
Query OK, 0 rows affected (0.01 sec)

mysql> INSERT intest1 VALUES(1,1,1,1,1);
Query OK, 1 row affected (0.00 sec)

mysql> SELECT * FROM intest1;
+------+-------+----------+------------+----------------------+
| num1 | num2  | num3     | num4       | num5                 |
+------+-------+----------+------------+----------------------+
|  001 | 00001 | 00000001 | 0000000001 | 00000000000000000001 |
+------+-------+----------+------------+----------------------+
1 row in set (0.00 sec)

mysql> CREATE TABLE ftest(
    -> num1 FLOAT(6,2),
    -> num2 DOUBLE(6,2),
    -> num3 DECIMAL(6,2)
    -> );
Query OK, 0 rows affected (0.02 sec)

mysql> SHOW TABLES;
+------------------+
| Tables_in_maizi1 |
+------------------+
| cms_cate         |
| cms_news         |
| ftest            |
| intest           |
| intest1          |
| untest           |
+------------------+
6 rows in set (0.00 sec)

mysql> DESC ftest;
+-------+--------------+------+-----+---------+-------+
| Field | Type         | Null | Key | Default | Extra |
+-------+--------------+------+-----+---------+-------+
| num1  | float(6,2)   | YES  |     | NULL    |       |
| num2  | double(6,2)  | YES  |     | NULL    |       |
| num3  | decimal(6,2) | YES  |     | NULL    |       |
+-------+--------------+------+-----+---------+-------+
3 rows in set (0.01 sec)

mysql> INSERT ftest VALUES(3.1415,3.1415,3.1415);
Query OK, 1 row affected, 1 warning (0.00 sec)

mysql> SELECT * FROM ftest;
+------+------+------+
| num1 | num2 | num3 |
+------+------+------+
| 3.14 | 3.14 | 3.14 |
+------+------+------+
1 row in set (0.00 sec)

mysql> SHOW WARNINGS;
Empty set (0.00 sec)

mysql> SHOW WARNINGS;
Empty set (0.00 sec)

mysql> INSERT ftest VALUES(3.1415,3.1415,3.1415);
Query OK, 1 row affected, 1 warning (0.00 sec)

mysql> SELECT * FROM ftest WHERE num1 = 3.14;
+------+------+------+
| num1 | num2 | num3 |
+------+------+------+
| 3.14 | 3.14 | 3.14 |
| 3.14 | 3.14 | 3.14 |
+------+------+------+
2 rows in set (0.00 sec)

mysql> SELECT * FROM ftest WHERE num2 = 3.14;
+------+------+------+
| num1 | num2 | num3 |
+------+------+------+
| 3.14 | 3.14 | 3.14 |
| 3.14 | 3.14 | 3.14 |
+------+------+------+
2 rows in set (0.00 sec)

mysql> SELECT * FROM ftest WHERE num3 = 3.14;
+------+------+------+
| num1 | num2 | num3 |
+------+------+------+
| 3.14 | 3.14 | 3.14 |
| 3.14 | 3.14 | 3.14 |
+------+------+------+
2 rows in set (0.00 sec)

mysql> SELECT * FROM ftest WHERE num3 = '3.14';
+------+------+------+
| num1 | num2 | num3 |
+------+------+------+
| 3.14 | 3.14 | 3.14 |
| 3.14 | 3.14 | 3.14 |
+------+------+------+
2 rows in set (0.00 sec)

mysql> SELECT * FROM ftest WHERE num2 = '3.14';
+------+------+------+
| num1 | num2 | num3 |
+------+------+------+
| 3.14 | 3.14 | 3.14 |
| 3.14 | 3.14 | 3.14 |
+------+------+------+
2 rows in set (0.00 sec)

mysql> CREATE TABLE chartest(
    -> str1 CHAR(5),
    -> str2 VARCHAR(5)
    -> );
Query OK, 0 rows affected (0.01 sec)

mysql> INSERT chartest VALUES(1,1);
Query OK, 1 row affected (0.01 sec)

mysql> INSERT chartest VALUES(123,2341);
Query OK, 1 row affected (0.00 sec)

mysql> INSERT chartest VALUES(123,234167);
ERROR 1406 (22001): Data too long for column 'str2' at row 1
mysql> INSERT chartest VALUES('',234167);
ERROR 1406 (22001): Data too long for column 'str2' at row 1
mysql> INSERT chartest VALUES('',2341);
Query OK, 1 row affected (0.00 sec)

mysql> INSERT chartest VALUES('12   ','123   ');
Query OK, 1 row affected, 1 warning (0.01 sec)

mysql> SELECT * FROM chartest;
+------+-------+
| str1 | str2  |
+------+-------+
| 1    | 1     |
| 123  | 2341  |
|      | 2341  |
| 12   | 123   |
+------+-------+
4 rows in set (0.00 sec)

mysql> INSERT chartest VALUES(' 12','  123');
Query OK, 1 row affected (0.00 sec)

mysql> SELECT * FROM chartest;
+------+-------+
| str1 | str2  |
+------+-------+
| 1    | 1     |
| 123  | 2341  |
|      | 2341  |
| 12   | 123   |
|  12  |   123 |
+------+-------+
5 rows in set (0.00 sec)

mysql> INSERT chartest VALUES('jzopen','急诊开云去');
ERROR 1406 (22001): Data too long for column 'str1' at row 1
mysql> INSERT chartest VALUES('jzopen','急诊');
ERROR 1406 (22001): Data too long for column 'str1' at row 1
mysql> INSERT chartest VALUES('jzope','急诊');
ERROR 1366 (HY000): Incorrect string value: '\xE6\x80\xA5\xE8\xAF\x8A' for column 'str2' at row 1
mysql> CREATE TABLE texttest(
    -> str1 TEXT
    -> );
Query OK, 0 rows affected (0.02 sec)

mysql> INSERT texttest VALUES('KFIFNSMAFOPFA';)
ERROR 1064 (42000): You have an error in your SQL syntax; check the manual that corresponds to your MySQL server version for the right syntax to use near '' at line 1
    -> ;
ERROR 1064 (42000): You have an error in your SQL syntax; check the manual that corresponds to your MySQL server version for the right syntax to use near ')' at line 1
mysql> INSERT texttest VALUES(KFIFNSMAFOPFA;)
ERROR 1064 (42000): You have an error in your SQL syntax; check the manual that corresponds to your MySQL server version for the right syntax to use near '' at line 1
    -> ;
ERROR 1064 (42000): You have an error in your SQL syntax; check the manual that corresponds to your MySQL server version for the right syntax to use near ')' at line 1
mysql> INSERT texttest VALUES(KFIFNSMAFOPFA);
ERROR 1054 (42S22): Unknown column 'KFIFNSMAFOPFA' in 'field list'
mysql> DESC texttest;
+-------+------+------+-----+---------+-------+
| Field | Type | Null | Key | Default | Extra |
+-------+------+------+-----+---------+-------+
| str1  | text | YES  |     | NULL    |       |
+-------+------+------+-----+---------+-------+
1 row in set (0.00 sec)

mysql> INSERT texttest VALUE(KFIFNSMAFOPFA);
ERROR 1054 (42S22): Unknown column 'KFIFNSMAFOPFA' in 'field list'
mysql> INSERT texttest VALUE('1234567');
Query OK, 1 row affected (0.01 sec)

mysql> CREATE TABLE IF NOT EXISTS enutest(
    -> sex ENUM('男','女','保密')
    -> );
ERROR 1291 (HY000): Column 'sex' has duplicated value '?' in ENUM
mysql> CREATE TABLE IF NOT EXISTS enutest(sex ENUM('男','女','保密') );
ERROR 1291 (HY000): Column 'sex' has duplicated value '?' in ENUM
mysql> CREATE TABLE IF NOT EXISTS enutest1(
    -> sex ENUM(1,2,3)
    -> );
ERROR 1064 (42000): You have an error in your SQL syntax; check the manual that corresponds to your MySQL server version for the right syntax to use near '1,2,3)
)' at line 2
mysql> CREATE TABLE IF NOT EXISTS enutest1( sex ENUM('1','2','3') );
Query OK, 0 rows affected (0.02 sec)

mysql> INSERT enutest VALUE(1);
ERROR 1146 (42S02): Table 'maizi1.enutest' doesn't exist
mysql> INSERT enutest1 VALUE(1);
Query OK, 1 row affected (0.01 sec)

mysql> INSERT enutest1 VALUE(0);
ERROR 1265 (01000): Data truncated for column 'sex' at row 1
mysql> INSERT enutest1 VALUE(2);
Query OK, 1 row affected (0.00 sec)

mysql> INSERT enutest1 VALUE(3);
Query OK, 1 row affected (0.00 sec)

mysql> INSERT enutest1 VALUE(1);
Query OK, 1 row affected (0.00 sec)

mysql> INSERT enutest1 VALUE(2);
Query OK, 1 row affected (0.00 sec)

mysql> SELECT * FROM enutest1;
+------+
| sex  |
+------+
| 1    |
| 2    |
| 3    |
| 1    |
| 2    |
+------+
5 rows in set (0.00 sec)

mysql> CREATE TABLE IF NOT EXISTS settest(
    -> fav SET('a','b','c','d')
    -> );
Query OK, 0 rows affected (0.02 sec)

mysql> INSERT settest VALUES('abc');
ERROR 1265 (01000): Data truncated for column 'fav' at row 1
mysql> INSERT settest VALUE('abc');
ERROR 1265 (01000): Data truncated for column 'fav' at row 1
mysql> INSERT settest VALUEs('a,b,c');
Query OK, 1 row affected (0.01 sec)

mysql> INSERT settest VALUEs('a,d,c');
Query OK, 1 row affected (0.00 sec)

mysql> SELECT * FROM settest;
+-------+
| fav   |
+-------+
| a,b,c |
| a,c,d |
+-------+
2 rows in set (0.00 sec)

mysql> \t
